// Jest Snapshot v1, https://goo.gl/fbAQLP

exports[`<App /> renders correctly 1`] = `
<App>
  <div
    className="App"
  >
    <Flashcard
      card={0}
      flipCard={[Function]}
      flipped={false}
    >
      <div
        className="Flashcard"
        onClick={[Function]}
      >
        <Russian
          card={
            Object {
              "phonetic": "[dá]",
              "translation": "Yes",
              "word": "Да",
            }
          }
          flipped={false}
        >
          <div
            className="russian"
          >
            <p
              className="lead"
            >
              Да
            </p>
            <p
              className="phonetic"
            >
              [dá]
            </p>
          </div>
        </Russian>
        <English
          card={
            Object {
              "phonetic": "[dá]",
              "translation": "Yes",
              "word": "Да",
            }
          }
          flipped={false}
        >
          <div
            className="english hidden"
          >
            <p
              className="lead"
            >
              Yes
            </p>
            <p
              className="phonetic"
            >
              [dá]
            </p>
          </div>
        </English>
      </div>
    </Flashcard>
    <Buttons
      flipCard={[Function]}
      nextCard={[Function]}
      sayWord={[Function]}
    >
      <div
        className="flex-buttons"
      >
        <button
          className="btn blue sayWord"
          onClick={[Function]}
        >
          <span>
            Say
          </span>
        </button>
        <button
          className="btn orange flipCard"
          onClick={[Function]}
        >
          <span>
            Flip
          </span>
        </button>
        <button
          className="btn nextCard"
          onClick={[Function]}
        >
          <span>
            Next
          </span>
        </button>
      </div>
    </Buttons>
  </div>
</App>
`;
